ASxxxx Linker V03.00 + NoICE + sdld,  page 1.
Hexadecimal  [32-Bits]

Area                                    Addr        Size        Decimal Bytes (Attributes)
--------------------------------        ----        ----        ------- ----- ------------
.  .ABS.                            00000000    00000000 =           0. bytes (ABS,CON)

      Value  Global                              Global Defined In Module
      -----  --------------------------------   ------------------------
     00000000  .__.ABS.                           cpct_video
     00000000  l__CABS                         
     00000000  l__DABS                         
     00000000  l__DATA                         
     00000000  l__GSFINAL                      
     00000000  l__GSINIT                       
     00000000  l__HOME                         
     00000000  s__CABS                         
     00000000  s__DABS                         
     00000003  l__INITIALIZED                  
     00000003  l__INITIALIZER                  
     00000521  l__CODE                         
     00004000  s__CODE                         
     00004521  s__DATA                         
     00004521  s__INITIALIZED                  
     00004524  s__GSFINAL                      
     00004524  s__GSINIT                       
     00004524  s__HOME                         
     00004524  s__INITIALIZER                  

ASxxxx Linker V03.00 + NoICE + sdld,  page 2.
Hexadecimal  [32-Bits]

Area                                    Addr        Size        Decimal Bytes (Attributes)
--------------------------------        ----        ----        ------- ----- ------------
_CODE                               00004000    00000521 =        1313. bytes (REL,CON)

      Value  Global                              Global Defined In Module
      -----  --------------------------------   ------------------------
     000040E0  _init                              main
     00004106  _g_tile_mago_simple                main
     00004166  _g_tile_mago_simple_iz             main
     000041C6  _g_tile_block                      main
     000041E6  _g_palette                         main
     000041EA  _pantalla_start                    main
     000041EB  _main                              main
     00004320  _fase_1                            main
     00004321  _fase_jefe                         main
     00004322  _cpct_setPalette                   cpct_video
     00004339  _cpct_isKeyPressed                 cpct_keyboard
     00004339  cpct_isKeyPressed_asm              cpct_keyboard
     00004345  _cpct_scanKeyboard_f               cpct_keyboard
     00004345  cpct_scanKeyboard_f_asm            cpct_keyboard
     000043AF  _cpct_setPALColour                 cpct_video
     000043BB  _cpct_fw2hw                        cpct_video
     000043CE  _cpct_keyboardStatusBuffer         cpct_keyboard
     000043D8  _cpct_drawSpriteMasked             cpct_sprites
     00004407  cpct_firmware2hw_colour            
     00004422  _cpct_waitVSYNC                    cpct_video
     00004422  cpct_waitVSYNC_asm                 cpct_video
     0000442A  _cpct_setVideoMode                 cpct_video
     00004438  _cpct_disableFirmware              cpct_firmware
     00004438  _cpct_removeInterruptHandler       cpct_firmware
     00004438  cpct_disableFirmware_asm           cpct_firmware
     00004438  cpct_removeInterruptHandler_asm    cpct_firmware
     00004448  _cpct_drawSolidBox                 cpct_sprites
     00004500  _cpct_mode_rom_status              cpct_firmware
     00004501  _cpct_getScreenPtr                 cpct_video

ASxxxx Linker V03.00 + NoICE + sdld,  page 3.
Hexadecimal  [32-Bits]

Area                                    Addr        Size        Decimal Bytes (Attributes)
--------------------------------        ----        ----        ------- ----- ------------
_INITIALIZED                        00004521    00000003 =           3. bytes (REL,CON)

      Value  Global                              Global Defined In Module
      -----  --------------------------------   ------------------------
     00004521  _player_salto                      main
     00004522  _subiendo                          main
     00004523  _pos_player                        main
ASxxxx Linker V03.00 + NoICE + sdld,  page 4.
Hexadecimal  [32-Bits]

Area                                    Addr        Size        Decimal Bytes (Attributes)
--------------------------------        ----        ----        ------- ----- ------------
_INITIALIZER                        00004524    00000003 =           3. bytes (REL,CON)

      Value  Global                              Global Defined In Module
      -----  --------------------------------   ------------------------
ASxxxx Linker V03.00 + NoICE + sdld,  page 5.

Files Linked                              [ module(s) ]

obj/mago_simple.rel                       [ mago_simple ]
obj/main.rel                              [ main ]


Libraries Linked                          [ object file ]

/cygdrive/c/Users/Churrums/Google_Drive/home/cpctelera/cpctelera/cpctelera.lib
                                          [ cpct_setPalette_cbindings.rel ]
/cygdrive/c/Users/Churrums/Google_Drive/home/cpctelera/cpctelera/cpctelera.lib
                                          [ cpct_isKeyPressed.rel ]
/cygdrive/c/Users/Churrums/Google_Drive/home/cpctelera/cpctelera/cpctelera.lib
                                          [ cpct_scanKeyboard_f.rel ]
/cygdrive/c/Users/Churrums/Google_Drive/home/cpctelera/cpctelera/cpctelera.lib
                                          [ cpct_setPALColour_cbindings.rel ]
/cygdrive/c/Users/Churrums/Google_Drive/home/cpctelera/cpctelera/cpctelera.lib
                                          [ cpct_fw2hw_cbindings.rel ]
/cygdrive/c/Users/Churrums/Google_Drive/home/cpctelera/cpctelera/cpctelera.lib
                                          [ keyboard.rel ]
/cygdrive/c/Users/Churrums/Google_Drive/home/cpctelera/cpctelera/cpctelera.lib
                                          [ cpct_drawSpriteMasked_cbindings. ]
/cygdrive/c/Users/Churrums/Google_Drive/home/cpctelera/cpctelera/cpctelera.lib
                                          [ cpct_firmware2hw_colour_table.re ]
/cygdrive/c/Users/Churrums/Google_Drive/home/cpctelera/cpctelera/cpctelera.lib
                                          [ cpct_waitVSYNC.rel ]
/cygdrive/c/Users/Churrums/Google_Drive/home/cpctelera/cpctelera/cpctelera.lib
                                          [ cpct_setVideoMode_cbindings.rel ]
/cygdrive/c/Users/Churrums/Google_Drive/home/cpctelera/cpctelera/cpctelera.lib
                                          [ cpct_removeInterruptHandler.rel ]
/cygdrive/c/Users/Churrums/Google_Drive/home/cpctelera/cpctelera/cpctelera.lib
                                          [ cpct_drawSolidBox_cbindings.rel ]
/cygdrive/c/Users/Churrums/Google_Drive/home/cpctelera/cpctelera/cpctelera.lib
                                          [ cpc_mode_rom_status.rel ]
/cygdrive/c/Users/Churrums/Google_Drive/home/cpctelera/cpctelera/cpctelera.lib
                                          [ cpct_getScreenPtr_cbindings.rel ]

ASxxxx Linker V03.00 + NoICE + sdld,  page 6.

User Base Address Definitions

_CODE = 0x4000
_DATA = 0x0000

